[www.acceleratetax.com/index.html]
[backblue.gif]
[fade.gif]
[index.html]
[images.squarespace-cdn.com/content/62fd1f458f2f641427b222d8/e831f3a3-f54f-41f7-902b-933900553b51/Accelerate+Tax+Logo2acd.png]
[assets.squarespace.com/@sqs/polyfiller/1.6/legacy.js]
[use.typekit.net/ik/OfRTBahjSVFVApLfJt0LVsy9w4A8_RohsgVSR0UNAyCfezS2fFHN4UJLFRbh52jhWDjkZcbUZRbu5ejkZRjXwQbkFhJkwR4q5g7YMkG0jAFRZAU8ScBXZWsypfoDSWmyScmDSeBRZPoRdhXCHKoyjamTiY8Djhy8ZYmC-Ao1OcFzdP37OcBRiA8]
[assets.squarespace.com/universal/scripts-compressed/extract-css-runtime-ca8a220c30e2c641dbfb1-min.en-US.js]
[assets.squarespace.com/@sqs/polyfiller/1.6/modern.js]
[assets.squarespace.com/universal/scripts-compressed/cldr-resource-pack-56fdc0b6309d3f37f75e8-min.en-US.js]
[assets.squarespace.com/universal/scripts-compressed/extract-css-moment-js-vendor-5082e2dab696b020ac83a-min.en-US.js]
[assets.squarespace.com/universal/scripts-compressed/common-vendors-stable-dade9d616ff90ebf99b1d-min.en-US.js]
[static1.squarespace.com/static/versioned-site-css/62fd1f458f2f641427b222d8/134/5c5a519771c10ba3470d8101/62fd1f458f2f641427b222f2/1366/site.css]
[connect.facebook.net/en_US/fbevents.js]
[www.acceleratetax.com/cart.html]
[images.squarespace-cdn.com/content/v1/62fd1f458f2f641427b222d8/e831f3a3-f54f-41f7-902b-933900553b51/Accelerate+Tax+Logo26f7.png]
[assets.squarespace.com/universal/scripts-compressed/performance-30429a93ea0917a5e9327-min.en-US.js]
[www.acceleratetax.com/home.html]
[www.acceleratetax.com/careers.html]
[www.acceleratetax.com/contact-us.html]
[www.acceleratetax.com/tax-credit-calculator.html]
[images.squarespace-cdn.com/content/v1/62fd1f458f2f641427b222d8/c5755e7a-84ba-4ade-bf3c-49702c133079/shutterstock_1882428658+L.jpg]
[images.squarespace-cdn.com/content/v1/62fd1f458f2f641427b222d8/db23acdc-5477-41d8-bc3b-5f3ac5449ead/shutterstock_2145039161+L.jpg]
[assets.squarespace.com/universal/scripts-compressed/common-vendors-e806261812ed64ae8f1e9-min.en-US.js]
[images.squarespace-cdn.com/content/v1/62fd1f458f2f641427b222d8/b056a210-5741-4d35-9cb0-d5243b968e25/icons8-dollar-coin-100.png]
[images.squarespace-cdn.com/content/v1/62fd1f458f2f641427b222d8/1211142c-efd9-4a55-825e-707eefbccbf7/icons8-block-chain-100.png]
[images.squarespace-cdn.com/content/v1/62fd1f458f2f641427b222d8/8345b0b1-a449-4981-a031-f8946335ac02/icons8-rating-100.jpg]
[images.squarespace-cdn.com/content/v1/62fd1f458f2f641427b222d8/6bfa2e3c-1b47-44c3-ad54-231b96958db4/icons8-circuit-100.png]
[images.squarespace-cdn.com/content/v1/62fd1f458f2f641427b222d8/eb473380-e679-4277-a985-b7db2dc45ad2/icons8-member-100.png]
[images.squarespace-cdn.com/content/v1/62fd1f458f2f641427b222d8/485d8dd2-3505-47ea-a561-d28dcc07f31b/Accelerate+Tax+Logo+White.png]
[static1.squarespace.com/static/vta/5c5a519771c10ba3470d8101/scripts/site-bundle.6de20dd6e581da4db091fba185033bd9.js]
[assets.squarespace.com/universal/scripts-compressed/common-2bfe20ee93fbfe5040de5-min.en-US.js]
[snap.licdn.com/li.lms-analytics/insight.min.js]
[www.redditstatic.com/ads/pixel.js]
[js.hs-scripts.com/22748185.js]
[www.acceleratetax.com/index.html]
[assets.squarespace.com/universal/images-v6/damask/error-dark.png]
[assets.squarespace.com/universal/images-v6/damask/error-dark@2x.png]
[assets.squarespace.com/universal/images-v6/damask/play-button.png]
[assets.squarespace.com/universal/images-v6/damask/play-button@2x.png]
[assets.squarespace.com/universal/images-v6/damask/edit-aviary-light.png]
[assets.squarespace.com/universal/images-v6/damask/edit-aviary-light@2x.png]
[assets.squarespace.com/universal/images-v6/damask/edit-info-light.png]
[assets.squarespace.com/universal/images-v6/damask/edit-info-light@2x.png]
[assets.squarespace.com/universal/images-v6/damask/trash-9-light.png]
[assets.squarespace.com/universal/images-v6/damask/trash-9-light@2x.png]
[assets.squarespace.com/universal/images-v6/damask/trash-9-red.png]
[assets.squarespace.com/universal/images-v6/damask/trash-9-red@2x.png]
[assets.squarespace.com/universal/images-v6/damask/getty-16-light.png]
[assets.squarespace.com/universal/images-v6/damask/getty-32-light.png]
[assets.squarespace.com/universal/images-v6/damask/shopping-cart-16-light.png]
[assets.squarespace.com/universal/images-v6/damask/shopping-cart-32-light.png]
[assets.squarespace.com/universal/images-v6/icons/block-indicator-dark.png]
[static1.squarespace.com/universal/images-v6/icons/block-indicator-dark@2x.png]
[assets.squarespace.com/universal/images-v6/icons/opentable-icons.png]
[static1.squarespace.com/universal/images-v6/icons/icon-searchqueries-20-dark.png]
[static1.squarespace.com/universal/images-v6/icons/icon-searchqueries-20-light.png]
[assets.squarespace.com/universal/images-v6/icons/icon-video-24-light-solid.png]
[assets.squarespace.com/universal/images-v6/standard/icon_close_7_light.png]
[assets.squarespace.com/universal/images-v6/icons/icon-settings-16-light.png]
[static1.squarespace.com/static/versioned-site-css/62fd1f458f2f641427b222d8/134/5c5a519771c10ba3470d8101/62fd1f458f2f641427b222f2/1366/site.css]
[static1.squarespace.com/static/62fd1f458f2f641427b222d8/t/6302e7bf182a1229296d951d/1661134783352/noun-check-4609961.png]
[www.acceleratetax.com/b.3c.delayed]
[www.acceleratetax.com/POST.3d.delayed]
[connect.facebook.net/en_US/fbevents.js]
[assets.squarespace.com/universal/scripts-compressed/extract-css-runtime-688bd20c5ff10360c5b02-min.en-US.js]
[www.acceleratetax.com/cart.html]
[www.acceleratetax.com/home.html]
[images.squarespace-cdn.com/content/v1/62fd1f458f2f641427b222d8/219b7de4-134e-4805-9808-6eff1b6ae0f2/shutterstock_1687550977+L.jpg]
[www.acceleratetax.com/careers.html]
[images.squarespace-cdn.com/content/v1/62fd1f458f2f641427b222d8/ec33396e-ebef-4001-aa99-02022d0cc767/shutterstock_2119635755+L.jpg]
[www.acceleratetax.com/contact-us.html]
[www.acceleratetax.com/tax-credit-calculator.html]
[www.acceleratetax.com/oribili.43.delayed]
[snap.licdn.com/li.lms-analytics/insight.min.js]
[www.acceleratetax.com/c.html]
[www.acceleratetax.com/b.html]
[www.acceleratetax.com/POST.html]
[assets.squarespace.com/universal/scripts-compressed/common-853cba037be6c99fba0b5-min.en-US.js]
[assets.squarespace.com/universal/scripts-compressed/commerce-checkout-16cff9afbebbb5ed918ef-min.en-US.js]
[www.acceleratetax.com/oribili.html]
